#!/bin/bash
set -euo pipefail
trap '' PIPE
export DEBIAN_FRONTEND=noninteractive

# Send a POST request to the given URL, ignoring the response and errors
function httpPostSilently() {
    if [ -z "${2:-}" ]; then
        (curl -X POST --silent --max-time 15 --output /dev/null $1 || true)
    else
        (curl -X POST --silent --max-time 15 --output /dev/null $1 -H 'Content-Type: application/json' --data "$2" || true)
    fi
}

function httpPostRawSilently() {
    (curl -X POST --silent --max-time 15 --output /dev/null $1 --data "$2" || true)
}

# Wait for apt to be unlocked
function waitForAptUnlock() {
    while ps -C apt,apt-get,dpkg >/dev/null 2>&1; do
        echo "apt, apt-get or dpkg is running..."
        sleep 5
    done

    while fuser /var/{lib/{dpkg,apt/lists},cache/apt/archives}/{lock,lock-frontend} >/dev/null 2>&1; do
        echo "Waiting: apt is locked..."
        sleep 5
    done

    if [ -f /var/log/unattended-upgrades/unattended-upgrades.log ]; then
        while fuser /var/log/unattended-upgrades/unattended-upgrades.log >/dev/null 2>&1; do
            echo "Waiting: unattended-upgrades is locked..."
            sleep 5
        done
    fi
}


# === Provision Step: Configure a swap file so the server can handle more memory-intensive tasks ===
echo "::LAUNCH::status::Configure a swap file so the server can handle more memory-intensive tasks"
#!/bin/bash
set -euo pipefail
trap '' PIPE
export DEBIAN_FRONTEND=noninteractive

echo "Configure swap"

if [ ! -f /swapfile ]; then
    sudo fallocate -l 2048M /swapfile
    sudo chmod 600 /swapfile
    sudo mkswap /swapfile
    sudo swapon /swapfile || true

    # Use tee to append to /etc/fstab with sudo privileges
    echo "/swapfile none swap sw 0 0" | sudo tee -a /etc/fstab > /dev/null

    # Use tee to append to /etc/sysctl.conf with sudo privileges
    echo "vm.swappiness=50" | sudo tee -a /etc/sysctl.conf > /dev/null
    echo "vm.vfs_cache_pressure=50" | sudo tee -a /etc/sysctl.conf > /dev/null
fi

echo "::LAUNCH::step_completed::configure_swap"
echo "::LAUNCH::progress::7"

# === Provision Step: Configure the firewall with the default rules (SSH, HTTP, HTTPS) ===
echo "::LAUNCH::status::Configure the firewall with the default rules (SSH, HTTP, HTTPS)"
#!/bin/bash
set -euo pipefail
trap '' PIPE
export DEBIAN_FRONTEND=noninteractive

echo "Configure firewall with SSH port, HTTP and HTTPS"

sudo ufw allow 22
sudo ufw allow 80
sudo ufw allow 443
sudo ufw --force enable
sudo service ufw restart

echo "::LAUNCH::step_completed::configure_firewall"
echo "::LAUNCH::progress::15"

# === Provision Step: Update package lists and installed system packages ===
echo "::LAUNCH::status::Update package lists and installed system packages"
#!/bin/bash
set -euo pipefail
trap '' PIPE
export DEBIAN_FRONTEND=noninteractive

# Wait for apt to be unlocked
function waitForAptUnlock() {
    while ps -C apt,apt-get,dpkg >/dev/null 2>&1; do
        echo "apt, apt-get or dpkg is running..."
        sleep 5
    done

    while fuser /var/{lib/{dpkg,apt/lists},cache/apt/archives}/{lock,lock-frontend} >/dev/null 2>&1; do
        echo "Waiting: apt is locked..."
        sleep 5
    done

    if [ -f /var/log/unattended-upgrades/unattended-upgrades.log ]; then
        while fuser /var/log/unattended-upgrades/unattended-upgrades.log >/dev/null 2>&1; do
            echo "Waiting: unattended-upgrades is locked..."
            sleep 5
        done
    fi
}

echo "Update package repositories and upgrade packages"

# This ensures that the cloud-init bundle is not overwritten by a different version when running apt-get upgrade.
waitForAptUnlock
sudo DEBIAN_FRONTEND=noninteractive apt-mark hold cloud-init

# Remove ALL MySQL repository files to prevent expired GPG key errors
# The MySQL installation script will properly configure the repository later
sudo rm -f /etc/apt/sources.list.d/*mysql*

# Update package repositories
waitForAptUnlock
sudo DEBIAN_FRONTEND=noninteractive apt-get update -y

# Install software-properties-common
waitForAptUnlock
sudo DEBIAN_FRONTEND=noninteractive apt-get install software-properties-common -y

# Add universe repository
waitForAptUnlock
sudo DEBIAN_FRONTEND=noninteractive add-apt-repository universe -y

# Update package repositories
waitForAptUnlock
sudo DEBIAN_FRONTEND=noninteractive apt-get update -y

# Upgrade packages
waitForAptUnlock
sudo DEBIAN_FRONTEND=noninteractive apt-get upgrade -y

echo "::LAUNCH::step_completed::apt_update_upgrade"
echo "::LAUNCH::progress::22"

# === Provision Step: Install essential packages (curl, git, wget, etc.) ===
echo "::LAUNCH::status::Install essential packages (curl, git, wget, etc.)"
#!/bin/bash
set -euo pipefail
trap '' PIPE
export DEBIAN_FRONTEND=noninteractive

echo "Install essential packages"

sudo DEBIAN_FRONTEND=noninteractive apt-get install -y \
    acl \
    apt-transport-https \
    ca-certificates \
    cron \
    curl \
    debian-archive-keyring \
    debian-keyring \
    fail2ban \
    gcc \
    git \
    lsb-release \
    make \
    procps \
    software-properties-common \
    ufw \
    unattended-upgrades \
    unzip \
    wget \
    zip

echo "::LAUNCH::step_completed::install_essential_packages"
echo "::LAUNCH::progress::30"

# === Provision Step: Configure unattended upgrades to keep the server up to date automatically ===
echo "::LAUNCH::status::Configure unattended upgrades to keep the server up to date automatically"
#!/bin/bash
set -euo pipefail
trap '' PIPE
export DEBIAN_FRONTEND=noninteractive

echo "Setup unattended upgrades"

# Configure the allowed origins for unattended upgrades
sudo tee /etc/apt/apt.conf.d/50unattended-upgrades > /dev/null <<EOF
Unattended-Upgrade::Allowed-Origins {
    "\${distro_id} \${distro_codename}-security";
};
Unattended-Upgrade::Package-Blacklist {
    //
};
EOF

# Configure the periodic settings for APT
sudo tee /etc/apt/apt.conf.d/10periodic > /dev/null <<EOF
APT::Periodic::Update-Package-Lists "1";
APT::Periodic::Download-Upgradeable-Packages "1";
APT::Periodic::AutocleanInterval "7";
APT::Periodic::Unattended-Upgrade "1";
EOF

echo "::LAUNCH::step_completed::setup_unattended_upgrades"
echo "::LAUNCH::progress::37"

# === Provision Step: Configure the root user ===
echo "::LAUNCH::status::Configure the root user"
#!/bin/bash
set -euo pipefail
trap '' PIPE
export DEBIAN_FRONTEND=noninteractive

echo "Add public key for this server"

sudo mkdir -p /root/.ssh
sudo touch /root/.ssh/authorized_keys

sudo tee -a /root/.ssh/authorized_keys > /dev/null <<EOF
ssh-rsa TESTKEY... user@host
EOF

echo "Fix root permissions"

sudo chown root:root /root
sudo chown -R root:root /root/.ssh
sudo chmod 700 /root/.ssh
sudo chmod 600 /root/.ssh/authorized_keys

echo "SSH Keyscans for Source Providers"

sudo ssh-keygen -R github.com 2>/dev/null || true
sudo ssh-keygen -R bitbucket.org 2>/dev/null || true
sudo ssh-keygen -R gitlab.com 2>/dev/null || true
sudo ssh-keyscan -H github.com | sudo tee -a /root/.ssh/known_hosts > /dev/null
sudo ssh-keyscan -H bitbucket.org | sudo tee -a /root/.ssh/known_hosts > /dev/null
sudo ssh-keyscan -H gitlab.com | sudo tee -a /root/.ssh/known_hosts > /dev/null



echo "::LAUNCH::step_completed::setup_root"
echo "::LAUNCH::progress::45"

# === Provision Step: Enhance SSH security by disabling password authentication and root login ===
echo "::LAUNCH::status::Enhance SSH security by disabling password authentication and root login"
#!/bin/bash
set -euo pipefail
trap '' PIPE
export DEBIAN_FRONTEND=noninteractive

echo "Enhance SSH security"

sudo sed -i "/PasswordAuthentication yes/d" /etc/ssh/sshd_config
echo "PasswordAuthentication no" | sudo tee -a /etc/ssh/sshd_config > /dev/null
sudo service ssh restart

echo "Setup SSH keys for root"

if [ ! -d /root/.ssh ]
then
    sudo mkdir -p /root/.ssh
    sudo touch /root/.ssh/authorized_keys
fi

echo "::LAUNCH::step_completed::ssh_security"
echo "::LAUNCH::progress::52"

# === Provision Step: Create a default user account ===
echo "::LAUNCH::status::Create a default user account"
#!/bin/bash
set -euo pipefail
trap '' PIPE
export DEBIAN_FRONTEND=noninteractive

echo "Rename existing user 1000 if it exists, otherwise create a new user"

TARGET_USER="launcher"
PROTECTED_USERS=("ubuntu" "root" "ec2-user")

if id "$TARGET_USER" > /dev/null 2>&1; then
    echo "User $TARGET_USER already exists. Skipping user creation."
elif getent passwd 1000 > /dev/null 2>&1; then
    OLD_USERNAME=$(getent passwd 1000 | cut -d: -f1)

    # Check if the current user is protected (ubuntu, root, ec2-user, etc.)
    if [[ " ${PROTECTED_USERS[@]} " =~ " $OLD_USERNAME " ]]; then
        echo "User $OLD_USERNAME is a protected user. Skipping renaming and adding user."
        echo "Setup default user"
        sudo useradd -m -d "/home/$TARGET_USER" -s /bin/bash "$TARGET_USER"
    else
        echo "Renaming existing user 1000 ($OLD_USERNAME)"
        sudo pkill -9 -u "$OLD_USERNAME" || true
        sudo pkill -KILL -u "$OLD_USERNAME" || true
        sudo usermod --login "$TARGET_USER" --move-home --home "/home/$TARGET_USER" "$OLD_USERNAME"
        sudo groupmod --new-name "$TARGET_USER" "$OLD_USERNAME"
    fi
else
    echo "Setup default user"
    sudo useradd -m -d "/home/$TARGET_USER" -s /bin/bash "$TARGET_USER"
fi

echo "Create the user's home directory"

sudo mkdir -p /home/launcher/.launch
sudo mkdir -p /home/launcher/.ssh

echo "Add user to groups"

sudo adduser launcher sudo
sudo id launcher
sudo groups launcher

echo "Set shell"

sudo chsh -s /bin/bash launcher

echo "Init default profile/bashrc"

sudo cp /root/.bashrc /home/launcher/.bashrc
sudo cp /root/.profile /home/launcher/.profile

echo "Copy SSH settings from root and create new key"

sudo cp /root/.ssh/authorized_keys /home/launcher/.ssh/authorized_keys
sudo cp /root/.ssh/known_hosts /home/launcher/.ssh/known_hosts
sudo rm -f /home/launcher/.ssh/id_rsa /home/launcher/.ssh/id_rsa.pub
sudo ssh-keygen -f /home/launcher/.ssh/id_rsa -t rsa -N ''



echo "Set password"
PASSWORD=$(mkpasswd -m sha-512 "password123")

echo "launcher:$PASSWORD" | sudo chpasswd

# Add default Caddy page
echo "Add default Caddy page"
sudo mkdir -p /home/"launcher/default"
sudo tee /home/"launcher/default/index.html" > /dev/null <<EOF
This server is managed by <a href=""></a>.
EOF

echo "Fix user permissions"

sudo chown -R launcher:launcher /home/launcher
sudo chmod -R 755 /home/launcher
sudo chmod 700 /home/launcher/.ssh
sudo chmod 700 /home/launcher/.ssh/id_rsa
sudo chmod 600 /home/launcher/.ssh/authorized_keys

echo "::LAUNCH::step_completed::setup_default_user"
echo "::LAUNCH::progress::60"

# === Install Software: Caddy 2 ===
echo "::LAUNCH::status::Installing Caddy 2"
#!/bin/bash
set -euo pipefail
trap '' PIPE
export DEBIAN_FRONTEND=noninteractive

# Wait for apt to be unlocked
function waitForAptUnlock() {
    while ps -C apt,apt-get,dpkg >/dev/null 2>&1; do
        echo "apt, apt-get or dpkg is running..."
        sleep 5
    done

    while fuser /var/{lib/{dpkg,apt/lists},cache/apt/archives}/{lock,lock-frontend} >/dev/null 2>&1; do
        echo "Waiting: apt is locked..."
        sleep 5
    done

    if [ -f /var/log/unattended-upgrades/unattended-upgrades.log ]; then
        while fuser /var/log/unattended-upgrades/unattended-upgrades.log >/dev/null 2>&1; do
            echo "Waiting: unattended-upgrades is locked..."
            sleep 5
        done
    fi
}

echo "Install Caddy webserver"

waitForAptUnlock
sudo rm -f /usr/share/keyrings/caddy-stable-archive-keyring.gpg
curl -1sLf 'https://dl.cloudsmith.io/public/caddy/stable/gpg.key' | sudo gpg --batch --yes --dearmor -o /usr/share/keyrings/caddy-stable-archive-keyring.gpg
curl -1sLf 'https://dl.cloudsmith.io/public/caddy/stable/debian.deb.txt' | sudo tee /etc/apt/sources.list.d/caddy-stable.list
waitForAptUnlock
sudo apt-get update
waitForAptUnlock
sudo apt-get install -y caddy=2.*

echo "Install default Caddyfile"

# Set up the Caddyfile for the user
sudo tee /etc/caddy/Sites.caddy > /dev/null <<EOF
# import /home/launcher/example.com/Caddyfile
EOF

sudo tee /etc/caddy/Caddyfile > /dev/null <<EOF
{
    log {
        output file /var/log/caddy/access.log {
            roll_size 100mb
            roll_keep 10
        }
    }
}

10.0.0.1:80 {
    root * /home/launcher/default
    file_server
}

# Do not remove this Sites.caddy import
import /etc/caddy/Sites.caddy
EOF

# Create log directory
sudo mkdir -p /var/log/caddy
sudo chown launcher:launcher /var/log/caddy

echo "Update Caddy service config to run as user"

sudo service caddy stop
sudo mkdir -p /etc/systemd/system/caddy.service.d

sudo tee /etc/systemd/system/caddy.service.d/override.conf > /dev/null <<EOF
[Service]
User=launcher
Group=launcher
StandardOutput=append:/var/log/caddy/caddy.log
StandardError=append:/var/log/caddy/caddy.log
EOF

# Reload systemd configuration and start Caddy service
sudo systemctl daemon-reload
sudo service caddy start

# Add caddy reload command to sudoers file without requiring password
sudo tee -a /etc/sudoers.d/caddy > /dev/null <<EOF
launcher ALL=(root) NOPASSWD: /usr/sbin/service caddy reload
EOF

echo "::LAUNCH::software_installed::caddy2"
echo "::LAUNCH::progress::67"

# === Install Software: PHP 8.3 ===
echo "::LAUNCH::status::Installing PHP 8.3"
#!/bin/bash
set -euo pipefail
trap '' PIPE
export DEBIAN_FRONTEND=noninteractive

# Wait for apt to be unlocked
function waitForAptUnlock() {
    while ps -C apt,apt-get,dpkg >/dev/null 2>&1; do
        echo "apt, apt-get or dpkg is running..."
        sleep 5
    done

    while fuser /var/{lib/{dpkg,apt/lists},cache/apt/archives}/{lock,lock-frontend} >/dev/null 2>&1; do
        echo "Waiting: apt is locked..."
        sleep 5
    done

    if [ -f /var/log/unattended-upgrades/unattended-upgrades.log ]; then
        while fuser /var/log/unattended-upgrades/unattended-upgrades.log >/dev/null 2>&1; do
            echo "Waiting: unattended-upgrades is locked..."
            sleep 5
        done
    fi
}

function ensurePhpPpaInstalled() {
    if ! grep -q "ondrej/php" /etc/apt/sources.list.d/*.list 2>/dev/null && ! grep -q "ondrej/php" /etc/apt/sources.list.d/*.sources 2>/dev/null; then
        echo "Adding ondrej/php PPA..."
        waitForAptUnlock
        sudo DEBIAN_FRONTEND=noninteractive apt-get install -y software-properties-common
        waitForAptUnlock
        sudo DEBIAN_FRONTEND=noninteractive add-apt-repository ppa:ondrej/php -y
        waitForAptUnlock
        sudo DEBIAN_FRONTEND=noninteractive apt-get update -y
        echo "ondrej/php PPA installed successfully"
    else
        echo "ondrej/php PPA already installed, refreshing package lists..."
        waitForAptUnlock
        sudo DEBIAN_FRONTEND=noninteractive apt-get update -y
    fi
}

echo "Install PHP 8.3"

ensurePhpPpaInstalled

waitForAptUnlock

sudo DEBIAN_FRONTEND=noninteractive apt-get install -o Dpkg::Options::="--force-confdef" -o Dpkg::Options::="--force-confold" -y --allow-downgrades --allow-remove-essential --allow-change-held-packages \
    php8.3-bcmath \
    php8.3-cli \
    php8.3-curl \
    php8.3-dev \
    php8.3-fpm \
    php8.3-gd \
    php8.3-imap \
    php8.3-intl \
    php8.3-mbstring \
    php8.3-mysql \
    php8.3-sqlite3 \
    php8.3-common \
    php8.3-xml \
    php8.3-zip

echo "Install Redis for PHP 8.3"

waitForAptUnlock
yes '' | sudo DEBIAN_FRONTEND=noninteractive apt-get -y install php8.3-redis || echo "php8.3-redis not available, skipping..."

echo "Install Memcached for PHP 8.3"

waitForAptUnlock
yes '' | sudo DEBIAN_FRONTEND=noninteractive apt-get -y install php8.3-memcached || echo "php8.3-memcached not available, skipping..."

echo "Install Swoole for PHP 8.3"

waitForAptUnlock
yes '' | sudo DEBIAN_FRONTEND=noninteractive apt-get -y install php8.3-swoole || echo "php8.3-swoole not available, skipping..."

echo "Update PHP CLI config"

# Update PHP CLI settings in php.ini
sudo sed -i "s/error_reporting = .*/error_reporting = E_ALL/" /etc/php/8.3/cli/php.ini
sudo sed -i "s/display_errors = .*/display_errors = On/" /etc/php/8.3/cli/php.ini
sudo sed -i "s/memory_limit = .*/memory_limit = 512M/" /etc/php/8.3/cli/php.ini
sudo sed -i "s/;date.timezone.*/date.timezone = UTC/" /etc/php/8.3/cli/php.ini
sudo sed -i "s/;cgi.fix_pathinfo=1/cgi.fix_pathinfo=0/" /etc/php/8.3/cli/php.ini

echo "Update PHP FPM config"

# Update PHP FPM settings in php.ini
sudo sed -i "s/error_reporting = .*/error_reporting = E_ALL/" /etc/php/8.3/fpm/php.ini
sudo sed -i "s/display_errors = .*/display_errors = Off/" /etc/php/8.3/fpm/php.ini
sudo sed -i "s/memory_limit = .*/memory_limit = 512M/" /etc/php/8.3/fpm/php.ini
sudo sed -i "s/;date.timezone.*/date.timezone = UTC/" /etc/php/8.3/fpm/php.ini
sudo sed -i "s/;cgi.fix_pathinfo=1/cgi.fix_pathinfo=0/" /etc/php/8.3/fpm/php.ini

echo "Update PHP FPM pool config"

# Update FPM pool configuration
sudo sed -i "s/;request_terminate_timeout.*/request_terminate_timeout = 60/" /etc/php/8.3/fpm/pool.d/www.conf
sudo sed -i "s/^user = www-data/user = launcher/" /etc/php/8.3/fpm/pool.d/www.conf
sudo sed -i "s/^group = www-data/group = launcher/" /etc/php/8.3/fpm/pool.d/www.conf
sudo sed -i "s/;listen\.owner.*/listen.owner = launcher/" /etc/php/8.3/fpm/pool.d/www.conf
sudo sed -i "s/;listen\.group.*/listen.group = launcher/" /etc/php/8.3/fpm/pool.d/www.conf
sudo sed -i "s/;listen\.mode.*/listen.mode = 0666/" /etc/php/8.3/fpm/pool.d/www.conf
sudo sed -i "s/^pm.max_children.*=.*/pm.max_children = 13/" /etc/php/8.3/fpm/pool.d/www.conf

echo "Update PHP session config"

# Update session directory permissions
sudo chmod 733 /var/lib/php/sessions
# Set the sticky bit on the session directory to prevent other users from deleting session files
sudo chmod +t /var/lib/php/sessions

echo "PHP configuration updates complete."

sudo service php8.3-fpm restart > /dev/null 2>&1

echo "launcher ALL=NOPASSWD: /usr/sbin/service php8.3-fpm reload" | sudo tee /etc/sudoers.d/php-fpm > /dev/null

echo "::LAUNCH::software_installed::php83"
echo "::LAUNCH::progress::75"

# === Install Software: Composer 2 ===
echo "::LAUNCH::status::Installing Composer 2"
#!/bin/bash
set -euo pipefail
trap '' PIPE
export DEBIAN_FRONTEND=noninteractive

echo "Download and install Composer dependency manager"

curl -sS https://getcomposer.org/installer | php -- --2
sudo mv composer.phar /usr/local/bin/composer
sudo chmod +x /usr/local/bin/composer

echo "launcher ALL=(root) NOPASSWD: /usr/local/bin/composer self-update*" | sudo tee /etc/sudoers.d/composer > /dev/null

# Create default auth.json

sudo mkdir -p /home/launcher/.config/composer
sudo touch /home/launcher/.config/composer/auth.json

sudo tee /home/launcher/.config/composer/auth.json > /dev/null <<'EOF'
{
    "bearer": {},
    "bitbucket-oauth": {},
    "github-oauth": {},
    "gitlab-oauth": {},
    "gitlab-token": {},
    "http-basic": {}
}
EOF

sudo chown -R launcher:launcher /home/launcher/.config/composer
sudo chmod 600 /home/launcher/.config/composer/auth.json

echo "::LAUNCH::software_installed::composer2"
echo "::LAUNCH::progress::82"

# === Install Software: MySQL 8.0 ===
echo "::LAUNCH::status::Installing MySQL 8.0"
#!/bin/bash
set -euo pipefail
trap '' PIPE
export DEBIAN_FRONTEND=noninteractive

# Wait for apt to be unlocked
function waitForAptUnlock() {
    while ps -C apt,apt-get,dpkg >/dev/null 2>&1; do
        echo "apt, apt-get or dpkg is running..."
        sleep 5
    done

    while fuser /var/{lib/{dpkg,apt/lists},cache/apt/archives}/{lock,lock-frontend} >/dev/null 2>&1; do
        echo "Waiting: apt is locked..."
        sleep 5
    done

    if [ -f /var/log/unattended-upgrades/unattended-upgrades.log ]; then
        while fuser /var/log/unattended-upgrades/unattended-upgrades.log >/dev/null 2>&1; do
            echo "Waiting: unattended-upgrades is locked..."
            sleep 5
        done
    fi
}

echo "Install MySQL 8.0"

waitForAptUnlock

# Remove any existing MySQL repository configuration to prevent GPG key issues
sudo rm -f /etc/apt/sources.list.d/mysql.list
sudo rm -f /etc/apt/sources.list.d/mysql-apt-config.list

# Set up MySQL GPG key from Ubuntu's keyserver (most reliable method)
# Falls back to Ubuntu's mysql-server package if MySQL repo setup fails
sudo rm -f /usr/share/keyrings/mysql-archive-keyring.gpg
MYSQL_REPO_SETUP_SUCCESS=false

if sudo gpg --batch --yes --keyserver keyserver.ubuntu.com --recv-keys B7B3B788A8D3785C 2>/dev/null; then
    sudo gpg --batch --yes --export B7B3B788A8D3785C | sudo tee /usr/share/keyrings/mysql-archive-keyring.gpg > /dev/null
    echo "deb [signed-by=/usr/share/keyrings/mysql-archive-keyring.gpg] http://repo.mysql.com/apt/ubuntu $(lsb_release -cs) mysql-8.0" | sudo tee /etc/apt/sources.list.d/mysql.list
    waitForAptUnlock
    if sudo apt-get update 2>/dev/null; then
        MYSQL_REPO_SETUP_SUCCESS=true
    fi
fi

if [ "$MYSQL_REPO_SETUP_SUCCESS" = false ]; then
    echo "MySQL official repo setup failed, falling back to Ubuntu's mysql-server package"
    sudo rm -f /etc/apt/sources.list.d/mysql.list
    waitForAptUnlock
    sudo apt-get update
fi

ROOT_PASSWORD="mysqlpassword"
DATABASE_NAME="app_db"
IP="10.0.0.1"

waitForAptUnlock

if [ "$MYSQL_REPO_SETUP_SUCCESS" = true ]; then
    sudo debconf-set-selections <<< "mysql-community-server mysql-community-server/data-dir select ''"
    sudo debconf-set-selections <<< "mysql-community-server mysql-community-server/root-pass password ${ROOT_PASSWORD}"
    sudo debconf-set-selections <<< "mysql-community-server mysql-community-server/re-root-pass password ${ROOT_PASSWORD}"
    sudo apt-get install -y mysql-community-server
else
    sudo debconf-set-selections <<< "mysql-server mysql-server/root_password password ${ROOT_PASSWORD}"
    sudo debconf-set-selections <<< "mysql-server mysql-server/root_password_again password ${ROOT_PASSWORD}"
    sudo apt-get install -y mysql-server
fi

# Configure MySQL settings (idempotent - only add if not present)
if ! sudo grep -q "default_password_lifetime" /etc/mysql/mysql.conf.d/mysqld.cnf 2>/dev/null; then
    echo "default_password_lifetime = 0" | sudo tee -a /etc/mysql/mysql.conf.d/mysqld.cnf
fi

# Remove invalid mysql_native_password=ON if present (was incorrect syntax)
sudo sed -i '/mysql_native_password=ON/d' /etc/mysql/my.cnf 2>/dev/null || true

# Add disable_log_bin to my.cnf if not present
if ! sudo grep -q "disable_log_bin" /etc/mysql/my.cnf 2>/dev/null; then
    if ! sudo grep -q "\[mysqld\]" /etc/mysql/my.cnf 2>/dev/null; then
        echo "" | sudo tee -a /etc/mysql/my.cnf
        echo "[mysqld]" | sudo tee -a /etc/mysql/my.cnf
    fi
    echo "disable_log_bin" | sudo tee -a /etc/mysql/my.cnf
fi

# Set max_connections
if sudo grep -q "^max_connections" /etc/mysql/my.cnf 2>/dev/null; then
    sudo sed -i "s/^max_connections.*=.*/max_connections=400/" /etc/mysql/my.cnf
fi

# Configure bind-address
if sudo grep -q "^bind-address" /etc/mysql/mysql.conf.d/mysqld.cnf 2>/dev/null; then
    sudo sed -i '/^bind-address/s/bind-address.*=.*/bind-address = */' /etc/mysql/mysql.conf.d/mysqld.cnf
elif ! sudo grep -q "bind-address = \*" /etc/mysql/mysql.conf.d/mysqld.cnf 2>/dev/null; then
    echo "bind-address = *" | sudo tee -a /etc/mysql/mysql.conf.d/mysqld.cnf
fi

sudo mysql --user="root" --password="${ROOT_PASSWORD}" -e "CREATE USER IF NOT EXISTS 'root'@'${IP}' IDENTIFIED BY '${ROOT_PASSWORD}';"
sudo mysql --user="root" --password="${ROOT_PASSWORD}" -e "CREATE USER IF NOT EXISTS 'root'@'%' IDENTIFIED BY '${ROOT_PASSWORD}';"
sudo mysql --user="root" --password="${ROOT_PASSWORD}" -e "GRANT ALL PRIVILEGES ON *.* TO root@'%' WITH GRANT OPTION;"
sudo mysql --user="root" --password="${ROOT_PASSWORD}" -e "GRANT ALL PRIVILEGES ON *.* TO root@'${IP}' WITH GRANT OPTION;"
sudo service mysql restart

sudo mysql --user="root" --password="${ROOT_PASSWORD}" -e "CREATE USER IF NOT EXISTS '${DATABASE_NAME}'@'${IP}' IDENTIFIED BY '${ROOT_PASSWORD}';"
sudo mysql --user="root" --password="${ROOT_PASSWORD}" -e "CREATE USER IF NOT EXISTS '${DATABASE_NAME}'@'%' IDENTIFIED BY '${ROOT_PASSWORD}';"
sudo mysql --user="root" --password="${ROOT_PASSWORD}" -e "GRANT ALL PRIVILEGES ON *.* TO '${DATABASE_NAME}'@'%' WITH GRANT OPTION;"
sudo mysql --user="root" --password="${ROOT_PASSWORD}" -e "FLUSH PRIVILEGES;"

sudo mysql --user="root" --password="${ROOT_PASSWORD}" -e "CREATE DATABASE IF NOT EXISTS ${DATABASE_NAME} CHARACTER SET utf8mb4 COLLATE utf8mb4_unicode_ci;"

sudo service mysql restart

echo "::LAUNCH::software_installed::mysql80"
echo "::LAUNCH::progress::90"

# === Final Cleanup ===
echo "::LAUNCH::status::Running final cleanup"
# See 'apt-update-upgrade'
waitForAptUnlock
sudo apt-mark unhold cloud-init
echo "::LAUNCH::progress::100"
