#!/bin/bash
set -euo pipefail
trap '' PIPE
export DEBIAN_FRONTEND=noninteractive

# Send a POST request to the given URL, ignoring the response and errors
function httpPostSilently() {
    if [ -z "${2:-}" ]; then
        (curl -X POST --silent --max-time 15 --output /dev/null $1 || true)
    else
        (curl -X POST --silent --max-time 15 --output /dev/null $1 -H 'Content-Type: application/json' --data "$2" || true)
    fi
}

function httpPostRawSilently() {
    (curl -X POST --silent --max-time 15 --output /dev/null $1 --data "$2" || true)
}

# Wait for any apt/dpkg/unattended-upgrade process to exit and for all
# the package-manager lock files to be released. Loop indefinitely — we'd
# rather hang the provision (visible in logs) than race the lock and
# surface a confusing failure to the customer.
#
# Note on process matching: unattended-upgrades runs as a python script
# named "unattended-upgr" (truncated to 15 chars in /proc/comm), so we
# use pgrep -f to match the full command line and catch it.
function waitForAptUnlock() {
    while pgrep -f '(^|/)(apt|apt-get|dpkg|unattended-upgrade)' >/dev/null 2>&1; do
        echo "apt, apt-get, dpkg, or unattended-upgrade is running..."
        sleep 5
    done

    while sudo fuser /var/lib/dpkg/lock /var/lib/dpkg/lock-frontend \
                     /var/lib/apt/lists/lock /var/cache/apt/archives/lock \
                     >/dev/null 2>&1; do
        echo "Waiting: apt is locked..."
        sleep 5
    done
}

# Bring the box into a state where apt-get cannot be hijacked by cloud-init
# or the unattended-upgrades systemd timer during provisioning. Called once
# at the very top of every provision script.
#
# Background:
#   - On a fresh DigitalOcean/Hetzner/Vultr Ubuntu image, cloud-init runs
#     apt update + apt upgrade as part of its first-boot work. This holds
#     the dpkg lock for several minutes.
#   - Even after cloud-init finishes, the apt-daily.timer and
#     unattended-upgrades.timer systemd units can fire at any time and
#     grab the lock mid-provision.
#
# We removed the historical "apt update + upgrade" provision step (it
# slowed every provision by 5-15 minutes and broke build reproducibility);
# the side-effect was that subsequent provision steps now hit apt-install
# much earlier in the box's lifecycle, exposing the race. This function
# is the proper fix: wait for cloud-init, then disable the timers for the
# duration of provisioning. restoreUnattendedUpgrades() puts them back
# at the end.
function quiesceAptForProvisioning() {
    # 1. Wait for cloud-init's first-boot run to finish. Silent on images
    #    that don't ship cloud-init (e.g. some Contabo minimal images).
    if command -v cloud-init >/dev/null 2>&1; then
        echo "Waiting for cloud-init to finish..."
        sudo cloud-init status --wait >/dev/null 2>&1 || true
    fi

    # 2. Stop and mask the timer-triggered apt jobs so they can't fire
    #    while we provision. We do not kill running apt processes —
    #    interrupting an in-flight unattended-upgrade can leave dpkg in
    #    an inconsistent state. waitForAptUnlock below handles that case.
    for unit in unattended-upgrades.service unattended-upgrades.timer \
                apt-daily.service apt-daily.timer \
                apt-daily-upgrade.service apt-daily-upgrade.timer; do
        sudo systemctl stop "${unit}" 2>/dev/null || true
        sudo systemctl mask "${unit}" 2>/dev/null || true
    done

    # 3. Wait for any lock-holding process that was already running to
    #    finish gracefully.
    waitForAptUnlock
}

# Re-enable the apt timer units that quiesceAptForProvisioning masked.
# Critical: only start the TIMER units, never the service units.
# Starting unattended-upgrades.service directly runs the full upgrade
# synchronously and adds 3-10 minutes to provisioning. The timer fires
# the service on its normal schedule (within 24h) — that is what we want.
function restoreUnattendedUpgrades() {
    # Unmask everything so the timers can launch their services later.
    for unit in unattended-upgrades.service unattended-upgrades.timer \
                apt-daily.service apt-daily.timer \
                apt-daily-upgrade.service apt-daily-upgrade.timer; do
        sudo systemctl unmask "${unit}" 2>/dev/null || true
    done

    # Enable + start the timers only. Each timer knows when to trigger
    # its corresponding service.
    for timer in unattended-upgrades.timer apt-daily.timer apt-daily-upgrade.timer; do
        sudo systemctl enable "${timer}" 2>/dev/null || true
        sudo systemctl start  "${timer}" 2>/dev/null || true
    done
}

# Belt-and-suspenders for apt commands: noninteractive frontend + a
# server-side dpkg lock wait so apt will retry the lock for up to 120s
# instead of failing immediately if anything still races us.
export DEBIAN_FRONTEND=noninteractive
export APT_LISTCHANGES_FRONTEND=none
export APT_LOCK_WAIT_OPTS='-o DPkg::Lock::Timeout=120'

# Stop apt/dpkg interference before any provision step runs.
quiesceAptForProvisioning


# === Provision Step: Detect the operating system, version, architecture and kernel ===
echo "::LAUNCH::status::Detect the operating system, version, architecture and kernel"
#!/bin/bash
set -euo pipefail
trap '' PIPE
export DEBIAN_FRONTEND=noninteractive

# Detect what's actually running on this box so downstream provision
# steps can branch on the truth instead of whatever the user picked in
# the dashboard dropdown. Emits a single ::LAUNCH::detected_os marker
# with five pipe-separated fields:
#
#   os_id | os_version | os_version_codename | arch | kernel
#
# Pipe is safe — none of these fields can contain it. Any field that
# can't be determined is left empty; the Go-side handler treats blanks
# as "still unknown" rather than failing.

OS_ID=""
OS_VERSION=""
OS_VERSION_CODENAME=""

if [ -r /etc/os-release ]; then
    # Subshell so the variables in /etc/os-release don't pollute the
    # outer script (it sets things like NAME, HOME_URL etc. that could
    # clobber our state).
    eval "$(
        . /etc/os-release
        printf 'OS_ID=%q\nOS_VERSION=%q\nOS_VERSION_CODENAME=%q\n' \
            "${ID:-}" "${VERSION_ID:-}" "${VERSION_CODENAME:-}"
    )"
fi

# uname -m → architecture as the kernel reports it (x86_64 / aarch64 /
# armv7l / …). We translate the kernel form to the Debian/Ubuntu apt
# form (amd64 / arm64 / armhf) so downstream consumers don't have to
# duplicate this mapping.
KERNEL_ARCH="$(uname -m 2>/dev/null || echo "")"
case "${KERNEL_ARCH}" in
    x86_64)  DETECTED_ARCH="amd64" ;;
    aarch64) DETECTED_ARCH="arm64" ;;
    armv7l)  DETECTED_ARCH="armhf" ;;
    *)       DETECTED_ARCH="${KERNEL_ARCH}" ;;
esac

DETECTED_KERNEL="$(uname -r 2>/dev/null || echo "")"

echo "Detected OS: id=${OS_ID} version=${OS_VERSION} codename=${OS_VERSION_CODENAME} arch=${DETECTED_ARCH} kernel=${DETECTED_KERNEL}"

# Marker the Go-side handler picks up. The handler parses this single
# line and writes the values onto the server row + broadcasts the
# update, so the UI sees the detected facts within a second of this
# step completing.
echo "::LAUNCH::detected_os::${OS_ID}|${OS_VERSION}|${OS_VERSION_CODENAME}|${DETECTED_ARCH}|${DETECTED_KERNEL}"

echo "::LAUNCH::step_completed::detect_os"
echo "::LAUNCH::progress::9"

# === Provision Step: Configure a swap file so the server can handle more memory-intensive tasks ===
echo "::LAUNCH::status::Configure a swap file so the server can handle more memory-intensive tasks"
#!/bin/bash
set -euo pipefail
trap '' PIPE
export DEBIAN_FRONTEND=noninteractive

echo "Configure swap"

if [ ! -f /swapfile ]; then
    sudo fallocate -l 1024M /swapfile
    sudo chmod 600 /swapfile
    sudo mkswap /swapfile
    sudo swapon /swapfile || true

    # Use tee to append to /etc/fstab with sudo privileges
    echo "/swapfile none swap sw 0 0" | sudo tee -a /etc/fstab > /dev/null

    # Use tee to append to /etc/sysctl.conf with sudo privileges
    echo "vm.swappiness=35" | sudo tee -a /etc/sysctl.conf > /dev/null
    echo "vm.vfs_cache_pressure=50" | sudo tee -a /etc/sysctl.conf > /dev/null
fi

echo "::LAUNCH::step_completed::configure_swap"
echo "::LAUNCH::progress::18"

# === Provision Step: Configure the firewall with the default rules (SSH, HTTP, HTTPS) ===
echo "::LAUNCH::status::Configure the firewall with the default rules (SSH, HTTP, HTTPS)"
#!/bin/bash
set -euo pipefail
trap '' PIPE
export DEBIAN_FRONTEND=noninteractive

echo "Configure firewall with SSH port, HTTP and HTTPS"

sudo ufw allow 2222
sudo ufw allow 80
sudo ufw allow 443
sudo ufw --force enable
sudo service ufw restart

echo "::LAUNCH::step_completed::configure_firewall"
echo "::LAUNCH::progress::27"

# === Provision Step: Install essential packages (curl, git, wget, etc.) ===
echo "::LAUNCH::status::Install essential packages (curl, git, wget, etc.)"
#!/bin/bash
set -euo pipefail
trap '' PIPE
export DEBIAN_FRONTEND=noninteractive

echo "Install essential packages"

# The provision script's preamble (quiesceAptForProvisioning) has already
# waited for cloud-init and stopped+masked the apt-daily/unattended-
# upgrades units, so the dpkg lock should be free. We still call
# waitForAptUnlock here as a safety net AND pass APT_LOCK_WAIT_OPTS so
# apt itself will retry the lock for up to 120s if anything races us.
waitForAptUnlock

# Refresh package metadata before install. The historical "apt update +
# upgrade" provision step was removed (see ForFreshServer); this is the
# first apt-get update on a fresh box.
sudo apt-get ${APT_LOCK_WAIT_OPTS} update -y -qq

waitForAptUnlock

sudo apt-get ${APT_LOCK_WAIT_OPTS} install -y -qq \
    acl \
    apt-transport-https \
    ca-certificates \
    cron \
    curl \
    debian-archive-keyring \
    debian-keyring \
    fail2ban \
    gcc \
    git \
    lsb-release \
    make \
    procps \
    software-properties-common \
    ufw \
    unattended-upgrades \
    unzip \
    wget \
    zip

echo "::LAUNCH::step_completed::install_essential_packages"
echo "::LAUNCH::progress::36"

# === Provision Step: Configure the root user ===
echo "::LAUNCH::status::Configure the root user"
#!/bin/bash
set -euo pipefail
trap '' PIPE
export DEBIAN_FRONTEND=noninteractive

echo "Add public key for this server"

sudo mkdir -p /root/.ssh
sudo touch /root/.ssh/authorized_keys

sudo tee -a /root/.ssh/authorized_keys > /dev/null <<EOF
ssh-rsa TESTKEY... user@host
EOF

echo "Fix root permissions"

sudo chown root:root /root
sudo chown -R root:root /root/.ssh
sudo chmod 700 /root/.ssh
sudo chmod 600 /root/.ssh/authorized_keys

echo "SSH Keyscans for Source Providers"

sudo ssh-keygen -R github.com 2>/dev/null || true
sudo ssh-keygen -R bitbucket.org 2>/dev/null || true
sudo ssh-keygen -R gitlab.com 2>/dev/null || true
sudo ssh-keyscan -H github.com | sudo tee -a /root/.ssh/known_hosts > /dev/null
sudo ssh-keyscan -H bitbucket.org | sudo tee -a /root/.ssh/known_hosts > /dev/null
sudo ssh-keyscan -H gitlab.com | sudo tee -a /root/.ssh/known_hosts > /dev/null


# Enable root login in SSH config
echo "Enabling root login in SSH configuration..."
sudo sed -i 's/^#\?PermitRootLogin .*/PermitRootLogin prohibit-password/' /etc/ssh/sshd_config

# Define the path to the authorized_keys file
AUTH_KEYS_FILE="/root/.ssh/authorized_keys"

# Backup the original file
sudo cp "$AUTH_KEYS_FILE" "$AUTH_KEYS_FILE.bak"

# Remove the specified lines from the authorized_keys file
sudo sed -i -e 's/.*exit 142" \(.*$\)/\1/' /root/.ssh/authorized_keys

# Confirm the changes
echo "Specified text removed from $AUTH_KEYS_FILE."

# Restart the SSH service
echo "Restarting SSH service..."
sudo service ssh start

# Reload Daemon
echo "Reloading Daemon service..."
sudo systemctl daemon-reload

# Update cloud config to enable root
echo "Updating cloud config to enable root..."
sudo sed -i 's/^disable_root: .*/disable_root: false/' /etc/cloud/cloud.cfg

echo "Script completed successfully."


echo "::LAUNCH::step_completed::setup_root"
echo "::LAUNCH::progress::45"

# === Provision Step: Enhance SSH security by disabling password authentication and root login ===
echo "::LAUNCH::status::Enhance SSH security by disabling password authentication and root login"
#!/bin/bash
set -euo pipefail
trap '' PIPE
export DEBIAN_FRONTEND=noninteractive

echo "Enhance SSH security"

sudo sed -i "/PasswordAuthentication yes/d" /etc/ssh/sshd_config
echo "PasswordAuthentication no" | sudo tee -a /etc/ssh/sshd_config > /dev/null
sudo service ssh restart

echo "Setup SSH keys for root"

if [ ! -d /root/.ssh ]
then
    sudo mkdir -p /root/.ssh
    sudo touch /root/.ssh/authorized_keys
fi

echo "::LAUNCH::step_completed::ssh_security"
echo "::LAUNCH::progress::54"

# === Provision Step: Create a default user account ===
echo "::LAUNCH::status::Create a default user account"
#!/bin/bash
set -euo pipefail
trap '' PIPE
export DEBIAN_FRONTEND=noninteractive

echo "Rename existing user 1000 if it exists, otherwise create a new user"

TARGET_USER="launcher"
PROTECTED_USERS=("ubuntu" "root" "ec2-user")

if id "$TARGET_USER" > /dev/null 2>&1; then
    echo "User $TARGET_USER already exists. Skipping user creation."
elif getent passwd 1000 > /dev/null 2>&1; then
    OLD_USERNAME=$(getent passwd 1000 | cut -d: -f1)

    # Check if the current user is protected (ubuntu, root, ec2-user, etc.)
    if [[ " ${PROTECTED_USERS[@]} " =~ " $OLD_USERNAME " ]]; then
        echo "User $OLD_USERNAME is a protected user. Skipping renaming and adding user."
        echo "Setup default user"
        sudo useradd -m -d "/home/$TARGET_USER" -s /bin/bash "$TARGET_USER"
    else
        echo "Renaming existing user 1000 ($OLD_USERNAME)"
        sudo pkill -9 -u "$OLD_USERNAME" || true
        sudo pkill -KILL -u "$OLD_USERNAME" || true
        sudo usermod --login "$TARGET_USER" --move-home --home "/home/$TARGET_USER" "$OLD_USERNAME"
        sudo groupmod --new-name "$TARGET_USER" "$OLD_USERNAME"
    fi
else
    echo "Setup default user"
    sudo useradd -m -d "/home/$TARGET_USER" -s /bin/bash "$TARGET_USER"
fi

echo "Create the user's home directory"

sudo mkdir -p /home/launcher/.launch
sudo mkdir -p /home/launcher/.ssh

echo "Add user to groups"

sudo adduser launcher sudo
sudo id launcher
sudo groups launcher

echo "Set shell"

sudo chsh -s /bin/bash launcher

echo "Init default profile/bashrc"

sudo cp /root/.bashrc /home/launcher/.bashrc
sudo cp /root/.profile /home/launcher/.profile

echo "Copy SSH settings from root and create new key"

sudo cp /root/.ssh/authorized_keys /home/launcher/.ssh/authorized_keys
sudo cp /root/.ssh/known_hosts /home/launcher/.ssh/known_hosts
sudo rm -f /home/launcher/.ssh/id_rsa /home/launcher/.ssh/id_rsa.pub
sudo ssh-keygen -f /home/launcher/.ssh/id_rsa -t rsa -N ''



echo "Set password"
PASSWORD=$(mkpasswd -m sha-512 "password123")

echo "launcher:$PASSWORD" | sudo chpasswd

# Add default landing page. Originally for the PHP/Caddy stack to serve
# from /home/{user}/default, but the file is harmless on docker servers
# where Traefik does the routing. Kept as a single shared step so we
# only have one default-user script to maintain.
echo "Add default landing page"
sudo mkdir -p /home/"launcher/default"
sudo tee /home/"launcher/default/index.html" > /dev/null <<EOF
This server is managed by <a href=""></a>.
EOF

echo "Fix user permissions"

sudo chown -R launcher:launcher /home/launcher
sudo chmod -R 755 /home/launcher
sudo chmod 700 /home/launcher/.ssh
sudo chmod 700 /home/launcher/.ssh/id_rsa
sudo chmod 600 /home/launcher/.ssh/authorized_keys

echo "::LAUNCH::step_completed::setup_default_user"
echo "::LAUNCH::progress::63"

# === Install Software: Caddy 2 ===
echo "::LAUNCH::status::Installing Caddy 2"
#!/bin/bash
set -euo pipefail
trap '' PIPE
export DEBIAN_FRONTEND=noninteractive

# Wait for any apt/dpkg/unattended-upgrade process to exit and for all
# the package-manager lock files to be released. Loop indefinitely — we'd
# rather hang the provision (visible in logs) than race the lock and
# surface a confusing failure to the customer.
#
# Note on process matching: unattended-upgrades runs as a python script
# named "unattended-upgr" (truncated to 15 chars in /proc/comm), so we
# use pgrep -f to match the full command line and catch it.
function waitForAptUnlock() {
    while pgrep -f '(^|/)(apt|apt-get|dpkg|unattended-upgrade)' >/dev/null 2>&1; do
        echo "apt, apt-get, dpkg, or unattended-upgrade is running..."
        sleep 5
    done

    while sudo fuser /var/lib/dpkg/lock /var/lib/dpkg/lock-frontend \
                     /var/lib/apt/lists/lock /var/cache/apt/archives/lock \
                     >/dev/null 2>&1; do
        echo "Waiting: apt is locked..."
        sleep 5
    done
}

# Bring the box into a state where apt-get cannot be hijacked by cloud-init
# or the unattended-upgrades systemd timer during provisioning. Called once
# at the very top of every provision script.
#
# Background:
#   - On a fresh DigitalOcean/Hetzner/Vultr Ubuntu image, cloud-init runs
#     apt update + apt upgrade as part of its first-boot work. This holds
#     the dpkg lock for several minutes.
#   - Even after cloud-init finishes, the apt-daily.timer and
#     unattended-upgrades.timer systemd units can fire at any time and
#     grab the lock mid-provision.
#
# We removed the historical "apt update + upgrade" provision step (it
# slowed every provision by 5-15 minutes and broke build reproducibility);
# the side-effect was that subsequent provision steps now hit apt-install
# much earlier in the box's lifecycle, exposing the race. This function
# is the proper fix: wait for cloud-init, then disable the timers for the
# duration of provisioning. restoreUnattendedUpgrades() puts them back
# at the end.
function quiesceAptForProvisioning() {
    # 1. Wait for cloud-init's first-boot run to finish. Silent on images
    #    that don't ship cloud-init (e.g. some Contabo minimal images).
    if command -v cloud-init >/dev/null 2>&1; then
        echo "Waiting for cloud-init to finish..."
        sudo cloud-init status --wait >/dev/null 2>&1 || true
    fi

    # 2. Stop and mask the timer-triggered apt jobs so they can't fire
    #    while we provision. We do not kill running apt processes —
    #    interrupting an in-flight unattended-upgrade can leave dpkg in
    #    an inconsistent state. waitForAptUnlock below handles that case.
    for unit in unattended-upgrades.service unattended-upgrades.timer \
                apt-daily.service apt-daily.timer \
                apt-daily-upgrade.service apt-daily-upgrade.timer; do
        sudo systemctl stop "${unit}" 2>/dev/null || true
        sudo systemctl mask "${unit}" 2>/dev/null || true
    done

    # 3. Wait for any lock-holding process that was already running to
    #    finish gracefully.
    waitForAptUnlock
}

# Re-enable the apt timer units that quiesceAptForProvisioning masked.
# Critical: only start the TIMER units, never the service units.
# Starting unattended-upgrades.service directly runs the full upgrade
# synchronously and adds 3-10 minutes to provisioning. The timer fires
# the service on its normal schedule (within 24h) — that is what we want.
function restoreUnattendedUpgrades() {
    # Unmask everything so the timers can launch their services later.
    for unit in unattended-upgrades.service unattended-upgrades.timer \
                apt-daily.service apt-daily.timer \
                apt-daily-upgrade.service apt-daily-upgrade.timer; do
        sudo systemctl unmask "${unit}" 2>/dev/null || true
    done

    # Enable + start the timers only. Each timer knows when to trigger
    # its corresponding service.
    for timer in unattended-upgrades.timer apt-daily.timer apt-daily-upgrade.timer; do
        sudo systemctl enable "${timer}" 2>/dev/null || true
        sudo systemctl start  "${timer}" 2>/dev/null || true
    done
}

# Belt-and-suspenders for apt commands: noninteractive frontend + a
# server-side dpkg lock wait so apt will retry the lock for up to 120s
# instead of failing immediately if anything still races us.
export DEBIAN_FRONTEND=noninteractive
export APT_LISTCHANGES_FRONTEND=none
export APT_LOCK_WAIT_OPTS='-o DPkg::Lock::Timeout=120'

echo "Install Caddy webserver"

waitForAptUnlock
sudo rm -f /usr/share/keyrings/caddy-stable-archive-keyring.gpg
curl -1sLf 'https://dl.cloudsmith.io/public/caddy/stable/gpg.key' | sudo gpg --batch --yes --dearmor -o /usr/share/keyrings/caddy-stable-archive-keyring.gpg
curl -1sLf 'https://dl.cloudsmith.io/public/caddy/stable/debian.deb.txt' | sudo tee /etc/apt/sources.list.d/caddy-stable.list
waitForAptUnlock
sudo apt-get update
waitForAptUnlock
sudo apt-get install -y caddy=2.*

echo "Install default Caddyfile"

# Set up the Caddyfile for the user
sudo tee /etc/caddy/Sites.caddy > /dev/null <<EOF
# import /home/launcher/example.com/Caddyfile
EOF

sudo tee /etc/caddy/Caddyfile > /dev/null <<EOF
{
    log {
        output file /var/log/caddy/access.log {
            roll_size 100mb
            roll_keep 10
        }
    }
}

10.0.0.2:80 {
    root * /home/launcher/default
    file_server
}

# Do not remove this Sites.caddy import
import /etc/caddy/Sites.caddy
EOF

# Create log directory
sudo mkdir -p /var/log/caddy
sudo chown launcher:launcher /var/log/caddy

echo "Update Caddy service config to run as user"

sudo service caddy stop
sudo mkdir -p /etc/systemd/system/caddy.service.d

sudo tee /etc/systemd/system/caddy.service.d/override.conf > /dev/null <<EOF
[Service]
User=launcher
Group=launcher
StandardOutput=append:/var/log/caddy/caddy.log
StandardError=append:/var/log/caddy/caddy.log
EOF

# Reload systemd configuration and start Caddy service
sudo systemctl daemon-reload
sudo service caddy start

# Add caddy reload command to sudoers file without requiring password
sudo tee -a /etc/sudoers.d/caddy > /dev/null <<EOF
launcher ALL=(root) NOPASSWD: /usr/sbin/service caddy reload
EOF

echo "::LAUNCH::software_installed::caddy2"
echo "::LAUNCH::progress::72"

# === Install Software: PHP 8.3 ===
echo "::LAUNCH::status::Installing PHP 8.3"
#!/bin/bash
set -euo pipefail
trap '' PIPE
export DEBIAN_FRONTEND=noninteractive

# Wait for any apt/dpkg/unattended-upgrade process to exit and for all
# the package-manager lock files to be released. Loop indefinitely — we'd
# rather hang the provision (visible in logs) than race the lock and
# surface a confusing failure to the customer.
#
# Note on process matching: unattended-upgrades runs as a python script
# named "unattended-upgr" (truncated to 15 chars in /proc/comm), so we
# use pgrep -f to match the full command line and catch it.
function waitForAptUnlock() {
    while pgrep -f '(^|/)(apt|apt-get|dpkg|unattended-upgrade)' >/dev/null 2>&1; do
        echo "apt, apt-get, dpkg, or unattended-upgrade is running..."
        sleep 5
    done

    while sudo fuser /var/lib/dpkg/lock /var/lib/dpkg/lock-frontend \
                     /var/lib/apt/lists/lock /var/cache/apt/archives/lock \
                     >/dev/null 2>&1; do
        echo "Waiting: apt is locked..."
        sleep 5
    done
}

# Bring the box into a state where apt-get cannot be hijacked by cloud-init
# or the unattended-upgrades systemd timer during provisioning. Called once
# at the very top of every provision script.
#
# Background:
#   - On a fresh DigitalOcean/Hetzner/Vultr Ubuntu image, cloud-init runs
#     apt update + apt upgrade as part of its first-boot work. This holds
#     the dpkg lock for several minutes.
#   - Even after cloud-init finishes, the apt-daily.timer and
#     unattended-upgrades.timer systemd units can fire at any time and
#     grab the lock mid-provision.
#
# We removed the historical "apt update + upgrade" provision step (it
# slowed every provision by 5-15 minutes and broke build reproducibility);
# the side-effect was that subsequent provision steps now hit apt-install
# much earlier in the box's lifecycle, exposing the race. This function
# is the proper fix: wait for cloud-init, then disable the timers for the
# duration of provisioning. restoreUnattendedUpgrades() puts them back
# at the end.
function quiesceAptForProvisioning() {
    # 1. Wait for cloud-init's first-boot run to finish. Silent on images
    #    that don't ship cloud-init (e.g. some Contabo minimal images).
    if command -v cloud-init >/dev/null 2>&1; then
        echo "Waiting for cloud-init to finish..."
        sudo cloud-init status --wait >/dev/null 2>&1 || true
    fi

    # 2. Stop and mask the timer-triggered apt jobs so they can't fire
    #    while we provision. We do not kill running apt processes —
    #    interrupting an in-flight unattended-upgrade can leave dpkg in
    #    an inconsistent state. waitForAptUnlock below handles that case.
    for unit in unattended-upgrades.service unattended-upgrades.timer \
                apt-daily.service apt-daily.timer \
                apt-daily-upgrade.service apt-daily-upgrade.timer; do
        sudo systemctl stop "${unit}" 2>/dev/null || true
        sudo systemctl mask "${unit}" 2>/dev/null || true
    done

    # 3. Wait for any lock-holding process that was already running to
    #    finish gracefully.
    waitForAptUnlock
}

# Re-enable the apt timer units that quiesceAptForProvisioning masked.
# Critical: only start the TIMER units, never the service units.
# Starting unattended-upgrades.service directly runs the full upgrade
# synchronously and adds 3-10 minutes to provisioning. The timer fires
# the service on its normal schedule (within 24h) — that is what we want.
function restoreUnattendedUpgrades() {
    # Unmask everything so the timers can launch their services later.
    for unit in unattended-upgrades.service unattended-upgrades.timer \
                apt-daily.service apt-daily.timer \
                apt-daily-upgrade.service apt-daily-upgrade.timer; do
        sudo systemctl unmask "${unit}" 2>/dev/null || true
    done

    # Enable + start the timers only. Each timer knows when to trigger
    # its corresponding service.
    for timer in unattended-upgrades.timer apt-daily.timer apt-daily-upgrade.timer; do
        sudo systemctl enable "${timer}" 2>/dev/null || true
        sudo systemctl start  "${timer}" 2>/dev/null || true
    done
}

# Belt-and-suspenders for apt commands: noninteractive frontend + a
# server-side dpkg lock wait so apt will retry the lock for up to 120s
# instead of failing immediately if anything still races us.
export DEBIAN_FRONTEND=noninteractive
export APT_LISTCHANGES_FRONTEND=none
export APT_LOCK_WAIT_OPTS='-o DPkg::Lock::Timeout=120'

function ensurePhpPpaInstalled() {
    . /etc/os-release
    case "${ID}" in
        ubuntu)
            if ! grep -q "ondrej/php" /etc/apt/sources.list.d/*.list 2>/dev/null && ! grep -q "ondrej/php" /etc/apt/sources.list.d/*.sources 2>/dev/null; then
                echo "Adding ondrej/php PPA (Ubuntu)..."
                waitForAptUnlock
                sudo DEBIAN_FRONTEND=noninteractive apt-get install -y software-properties-common
                waitForAptUnlock
                sudo DEBIAN_FRONTEND=noninteractive add-apt-repository ppa:ondrej/php -y
                waitForAptUnlock
                sudo DEBIAN_FRONTEND=noninteractive apt-get update -y
                echo "ondrej/php PPA installed successfully"
            else
                echo "ondrej/php PPA already installed, refreshing package lists..."
                waitForAptUnlock
                sudo DEBIAN_FRONTEND=noninteractive apt-get update -y
            fi
            ;;
        debian)
            if [ ! -f /etc/apt/sources.list.d/sury-php.list ]; then
                echo "Adding sury.org PHP repo (Debian)..."
                waitForAptUnlock
                sudo DEBIAN_FRONTEND=noninteractive apt-get install -y \
                    apt-transport-https lsb-release ca-certificates curl gnupg
                sudo install -m 0755 -d /etc/apt/keyrings
                if [ ! -f /etc/apt/keyrings/sury-php.gpg ]; then
                    curl -fsSL https://packages.sury.org/php/apt.gpg \
                        | sudo gpg --dearmor -o /etc/apt/keyrings/sury-php.gpg
                    sudo chmod a+r /etc/apt/keyrings/sury-php.gpg
                fi
                echo "deb [signed-by=/etc/apt/keyrings/sury-php.gpg] https://packages.sury.org/php/ ${VERSION_CODENAME} main" \
                    | sudo tee /etc/apt/sources.list.d/sury-php.list >/dev/null
                waitForAptUnlock
                sudo DEBIAN_FRONTEND=noninteractive apt-get update -y
                echo "sury.org PHP repo installed successfully"
            else
                echo "sury.org PHP repo already installed, refreshing package lists..."
                waitForAptUnlock
                sudo DEBIAN_FRONTEND=noninteractive apt-get update -y
            fi
            ;;
        *)
            echo "ERROR: PHP install supports only Ubuntu or Debian." >&2
            echo "  /etc/os-release reports ID=${ID:-<unset>}" >&2
            exit 1
            ;;
    esac
}

echo "Install PHP 8.3"

ensurePhpPpaInstalled

waitForAptUnlock

sudo DEBIAN_FRONTEND=noninteractive apt-get install -o Dpkg::Options::="--force-confdef" -o Dpkg::Options::="--force-confold" -y --allow-downgrades --allow-remove-essential --allow-change-held-packages \
    php8.3-bcmath \
    php8.3-cli \
    php8.3-curl \
    php8.3-dev \
    php8.3-fpm \
    php8.3-gd \
    php8.3-imap \
    php8.3-intl \
    php8.3-mbstring \
    php8.3-mysql \
    php8.3-sqlite3 \
    php8.3-common \
    php8.3-xml \
    php8.3-zip

echo "Install Redis for PHP 8.3"

waitForAptUnlock
yes '' | sudo DEBIAN_FRONTEND=noninteractive apt-get -y install php8.3-redis || echo "php8.3-redis not available, skipping..."

echo "Install Memcached for PHP 8.3"

waitForAptUnlock
yes '' | sudo DEBIAN_FRONTEND=noninteractive apt-get -y install php8.3-memcached || echo "php8.3-memcached not available, skipping..."

echo "Install Swoole for PHP 8.3"

waitForAptUnlock
yes '' | sudo DEBIAN_FRONTEND=noninteractive apt-get -y install php8.3-swoole || echo "php8.3-swoole not available, skipping..."

echo "Update PHP CLI config"

# Update PHP CLI settings in php.ini
sudo sed -i "s/error_reporting = .*/error_reporting = E_ALL/" /etc/php/8.3/cli/php.ini
sudo sed -i "s/display_errors = .*/display_errors = On/" /etc/php/8.3/cli/php.ini
sudo sed -i "s/memory_limit = .*/memory_limit = 512M/" /etc/php/8.3/cli/php.ini
sudo sed -i "s/;date.timezone.*/date.timezone = UTC/" /etc/php/8.3/cli/php.ini
sudo sed -i "s/;cgi.fix_pathinfo=1/cgi.fix_pathinfo=0/" /etc/php/8.3/cli/php.ini

echo "Update PHP FPM config"

# Update PHP FPM settings in php.ini
sudo sed -i "s/error_reporting = .*/error_reporting = E_ALL/" /etc/php/8.3/fpm/php.ini
sudo sed -i "s/display_errors = .*/display_errors = Off/" /etc/php/8.3/fpm/php.ini
sudo sed -i "s/memory_limit = .*/memory_limit = 512M/" /etc/php/8.3/fpm/php.ini
sudo sed -i "s/;date.timezone.*/date.timezone = UTC/" /etc/php/8.3/fpm/php.ini
sudo sed -i "s/;cgi.fix_pathinfo=1/cgi.fix_pathinfo=0/" /etc/php/8.3/fpm/php.ini

echo "Update PHP FPM pool config"

# Update FPM pool configuration
sudo sed -i "s/;request_terminate_timeout.*/request_terminate_timeout = 60/" /etc/php/8.3/fpm/pool.d/www.conf
sudo sed -i "s/^user = www-data/user = launcher/" /etc/php/8.3/fpm/pool.d/www.conf
sudo sed -i "s/^group = www-data/group = launcher/" /etc/php/8.3/fpm/pool.d/www.conf
sudo sed -i "s/;listen\.owner.*/listen.owner = launcher/" /etc/php/8.3/fpm/pool.d/www.conf
sudo sed -i "s/;listen\.group.*/listen.group = launcher/" /etc/php/8.3/fpm/pool.d/www.conf
sudo sed -i "s/;listen\.mode.*/listen.mode = 0666/" /etc/php/8.3/fpm/pool.d/www.conf
sudo sed -i "s/^pm.max_children.*=.*/pm.max_children = 4/" /etc/php/8.3/fpm/pool.d/www.conf

echo "Update PHP session config"

# Update session directory permissions
sudo chmod 733 /var/lib/php/sessions
# Set the sticky bit on the session directory to prevent other users from deleting session files
sudo chmod +t /var/lib/php/sessions

echo "PHP configuration updates complete."

sudo service php8.3-fpm restart > /dev/null 2>&1

echo "launcher ALL=NOPASSWD: /usr/sbin/service php8.3-fpm reload" | sudo tee /etc/sudoers.d/php-fpm > /dev/null

echo "::LAUNCH::software_installed::php83"
echo "::LAUNCH::progress::81"

# === Install Software: PostgreSQL 16 ===
echo "::LAUNCH::status::Installing PostgreSQL 16"
#!/bin/bash
set -euo pipefail
trap '' PIPE
export DEBIAN_FRONTEND=noninteractive

# Wait for any apt/dpkg/unattended-upgrade process to exit and for all
# the package-manager lock files to be released. Loop indefinitely — we'd
# rather hang the provision (visible in logs) than race the lock and
# surface a confusing failure to the customer.
#
# Note on process matching: unattended-upgrades runs as a python script
# named "unattended-upgr" (truncated to 15 chars in /proc/comm), so we
# use pgrep -f to match the full command line and catch it.
function waitForAptUnlock() {
    while pgrep -f '(^|/)(apt|apt-get|dpkg|unattended-upgrade)' >/dev/null 2>&1; do
        echo "apt, apt-get, dpkg, or unattended-upgrade is running..."
        sleep 5
    done

    while sudo fuser /var/lib/dpkg/lock /var/lib/dpkg/lock-frontend \
                     /var/lib/apt/lists/lock /var/cache/apt/archives/lock \
                     >/dev/null 2>&1; do
        echo "Waiting: apt is locked..."
        sleep 5
    done
}

# Bring the box into a state where apt-get cannot be hijacked by cloud-init
# or the unattended-upgrades systemd timer during provisioning. Called once
# at the very top of every provision script.
#
# Background:
#   - On a fresh DigitalOcean/Hetzner/Vultr Ubuntu image, cloud-init runs
#     apt update + apt upgrade as part of its first-boot work. This holds
#     the dpkg lock for several minutes.
#   - Even after cloud-init finishes, the apt-daily.timer and
#     unattended-upgrades.timer systemd units can fire at any time and
#     grab the lock mid-provision.
#
# We removed the historical "apt update + upgrade" provision step (it
# slowed every provision by 5-15 minutes and broke build reproducibility);
# the side-effect was that subsequent provision steps now hit apt-install
# much earlier in the box's lifecycle, exposing the race. This function
# is the proper fix: wait for cloud-init, then disable the timers for the
# duration of provisioning. restoreUnattendedUpgrades() puts them back
# at the end.
function quiesceAptForProvisioning() {
    # 1. Wait for cloud-init's first-boot run to finish. Silent on images
    #    that don't ship cloud-init (e.g. some Contabo minimal images).
    if command -v cloud-init >/dev/null 2>&1; then
        echo "Waiting for cloud-init to finish..."
        sudo cloud-init status --wait >/dev/null 2>&1 || true
    fi

    # 2. Stop and mask the timer-triggered apt jobs so they can't fire
    #    while we provision. We do not kill running apt processes —
    #    interrupting an in-flight unattended-upgrade can leave dpkg in
    #    an inconsistent state. waitForAptUnlock below handles that case.
    for unit in unattended-upgrades.service unattended-upgrades.timer \
                apt-daily.service apt-daily.timer \
                apt-daily-upgrade.service apt-daily-upgrade.timer; do
        sudo systemctl stop "${unit}" 2>/dev/null || true
        sudo systemctl mask "${unit}" 2>/dev/null || true
    done

    # 3. Wait for any lock-holding process that was already running to
    #    finish gracefully.
    waitForAptUnlock
}

# Re-enable the apt timer units that quiesceAptForProvisioning masked.
# Critical: only start the TIMER units, never the service units.
# Starting unattended-upgrades.service directly runs the full upgrade
# synchronously and adds 3-10 minutes to provisioning. The timer fires
# the service on its normal schedule (within 24h) — that is what we want.
function restoreUnattendedUpgrades() {
    # Unmask everything so the timers can launch their services later.
    for unit in unattended-upgrades.service unattended-upgrades.timer \
                apt-daily.service apt-daily.timer \
                apt-daily-upgrade.service apt-daily-upgrade.timer; do
        sudo systemctl unmask "${unit}" 2>/dev/null || true
    done

    # Enable + start the timers only. Each timer knows when to trigger
    # its corresponding service.
    for timer in unattended-upgrades.timer apt-daily.timer apt-daily-upgrade.timer; do
        sudo systemctl enable "${timer}" 2>/dev/null || true
        sudo systemctl start  "${timer}" 2>/dev/null || true
    done
}

# Belt-and-suspenders for apt commands: noninteractive frontend + a
# server-side dpkg lock wait so apt will retry the lock for up to 120s
# instead of failing immediately if anything still races us.
export DEBIAN_FRONTEND=noninteractive
export APT_LISTCHANGES_FRONTEND=none
export APT_LOCK_WAIT_OPTS='-o DPkg::Lock::Timeout=120'

echo "Install PostgreSQL 16"

waitForAptUnlock

DB_PASSWORD="pgpassword"
DATABASE_NAME="app_db"
LAUNCH_USER="app_db"

# Add PostgreSQL official repository
sudo apt-get install -y wget gnupg2 lsb-release

# Import PostgreSQL repository signing key (remove existing if present)
sudo rm -f /usr/share/keyrings/postgresql-archive-keyring.gpg
wget --quiet -O - https://www.postgresql.org/media/keys/ACCC4CF8.asc | sudo gpg --batch --dearmor -o /usr/share/keyrings/postgresql-archive-keyring.gpg

# Add PostgreSQL repository
echo "deb [signed-by=/usr/share/keyrings/postgresql-archive-keyring.gpg] http://apt.postgresql.org/pub/repos/apt $(lsb_release -cs)-pgdg main" | sudo tee /etc/apt/sources.list.d/pgdg.list

waitForAptUnlock
sudo apt-get update

waitForAptUnlock
sudo apt-get install -y postgresql-16 postgresql-contrib-16

# Wait for PostgreSQL to start
sleep 2

# Configure PostgreSQL authentication (pg_hba.conf)
PG_HBA_CONF=$(sudo -u postgres psql -t -P format=unaligned -c "SHOW hba_file")

# Backup original configuration
sudo cp "$PG_HBA_CONF" "${PG_HBA_CONF}.backup"

# Update pg_hba.conf to use md5 authentication for all connections
sudo bash -c "cat > $PG_HBA_CONF << 'EOF'
# PostgreSQL Client Authentication Configuration File
# TYPE  DATABASE        USER            ADDRESS                 METHOD

# Local connections
local   all             postgres                                peer
local   all             all                                     md5

# IPv4 local connections
host    all             all             127.0.0.1/32            md5
host    all             all             0.0.0.0/0               md5

# IPv6 local connections
host    all             all             ::1/128                 md5
host    all             all             ::/0                    md5
EOF"

# Configure PostgreSQL to listen on all interfaces
POSTGRESQL_CONF=$(sudo -u postgres psql -t -P format=unaligned -c "SHOW config_file")
sudo sed -i "s/#listen_addresses = 'localhost'/listen_addresses = '*'/" "$POSTGRESQL_CONF"
sudo sed -i "s/listen_addresses = 'localhost'/listen_addresses = '*'/" "$POSTGRESQL_CONF"

# Set max connections
if sudo grep -q "^max_connections" "$POSTGRESQL_CONF" 2>/dev/null; then
    sudo sed -i "s/^max_connections.*=.*/max_connections = 200/" "$POSTGRESQL_CONF"
fi

# Restart PostgreSQL to apply changes
sudo systemctl restart postgresql

# Wait for PostgreSQL to be ready
sleep 3

# Create launch superuser with password
sudo -u postgres psql -c "CREATE USER ${LAUNCH_USER} WITH SUPERUSER CREATEDB CREATEROLE PASSWORD '${DB_PASSWORD}';"

# Create default database
sudo -u postgres psql -c "CREATE DATABASE ${DATABASE_NAME} OWNER ${LAUNCH_USER};"

# Grant privileges
sudo -u postgres psql -c "GRANT ALL PRIVILEGES ON DATABASE ${DATABASE_NAME} TO ${LAUNCH_USER};"

# Enable and start PostgreSQL service
sudo systemctl enable postgresql
sudo systemctl restart postgresql

echo "PostgreSQL 16 installation completed"

echo "::LAUNCH::software_installed::postgresql16"
echo "::LAUNCH::progress::90"

# === Final Cleanup ===
echo "::LAUNCH::status::Running final cleanup"
waitForAptUnlock
sudo apt-mark unhold cloud-init 2>/dev/null || true
restoreUnattendedUpgrades
echo "::LAUNCH::progress::100"
